
=== TEST 1: Gym + Cold ===
After weather filter: [
  'sneakers',
  'hoodie',
  'joggers',
  'running shoes',
  'jeans',
  'dress pants',
  'loafers',
  'kurta',
  'churidar',
  'mojari'
]
After occasion filter: [ 'hoodie', 'joggers', 'running shoes', 'dress pants' ]
Sneakers: BLOCKED by occasionOk
Jeans: BLOCKED by occasionOk
Loafers: BLOCKED by occasionOk
Kurta: BLOCKED by occasionOk
Churidar: BLOCKED by occasionOk
Mojari: BLOCKED by occasionOk
Tops: [ 'hoodie' ]
Bottoms: [ 'joggers' ]
ERROR: Unknown result

=== TEST 2: Office + Hot ===
After weather filter: [
  't-shirt',
  'shorts',
  'sneakers',
  'running shoes',
  'blouse',
  'dress pants',
  'loafers',
  'kurta',
  'churidar'
]
After occasion filter: [ 'blouse', 'dress pants', 'loafers' ]
T-shirt: BLOCKED by occasionOk
Shorts: BLOCKED by occasionOk
Sneakers: BLOCKED by occasionOk
Running shoes: BLOCKED by occasionOk
Kurta: BLOCKED by occasionOk
Churidar: BLOCKED by occasionOk
Tops: [ 'blouse' ]
Bottoms: []
No bottoms available for this occasion.

=== TEST 3: Casual + Hot ===
After weather filter: [
  't-shirt',
  'shorts',
  'sneakers',
  'running shoes',
  'blouse',
  'dress pants',
  'loafers',
  'kurta',
  'churidar'
]
After occasion filter: [
  't-shirt',
  'shorts',
  'sneakers',
  'running shoes',
  'blouse',
  'dress pants',
  'loafers'
]
Kurta: BLOCKED by occasionOk
Churidar: BLOCKED by occasionOk
Tops: [ 't-shirt', 'blouse' ]
Bottoms: [ 'shorts' ]
Full result: {
  "success": true,
  "data": [
    {
      "items": [
        {
          "name": "t-shirt",
          "formality": 1,
          "color": "white",
          "role": "top",
          "category": "basics"
        },
        {
          "name": "shorts",
          "formality": 1,
          "color": "beige",
          "role": "bottom",
          "category": "bottoms"
        },
        {
          "name": "sneakers",
          "formality": 1,
          "color": "white",
          "role": "shoes",
          "category": "footwear"
        }
      ],
      "score": {
        "totalScore": 8.8,
        "grade": "A",
        "breakdown": [
          {
            "check": "Color",
            "items": "white + beige",
            "score": 10,
            "level": "excellent",
            "reason": "white + beige is a proven, timeless pairing."
          },
          {
            "check": "Color",
            "items": "white + white",
            "score": 7,
            "level": "good",
            "reason": "Monochromatic ΓÇö works with tonal variation."
          },
          {
            "check": "Color",
            "items": "beige + white",
            "score": 10,
            "level": "excellent",
            "reason": "beige + white is a proven, timeless pairing."
          },
          {
            "check": "Formality",
            "items": "t-shirt + shorts",
            "ok": true,
            "score": 10,
            "note": "Perfect formality match."
          },
          {
            "check": "Formality",
            "items": "t-shirt + sneakers",
            "ok": true,
            "score": 10,
            "note": "Perfect formality match."
          },
          {
            "check": "Formality",
            "items": "shorts + sneakers",
            "ok": true,
            "score": 10,
            "note": "Perfect formality match."
          },
          {
            "check": "Shoe pairing",
            "items": "sneakers + shorts",
            "score": 10,
            "level": "great",
            "reason": "Shorts are casual ΓÇö keep shoes casual too."
          },
          {
            "check": "Vibe",
            "items": "effortless cool",
            "score": 9,
            "level": "great",
            "reason": "Outfit aligns with \"effortless cool\" vibe ΓÇö cohesive styling."
          },
          {
            "check": "Statement",
            "items": "Visual interest",
            "score": 3,
            "level": "caution",
            "reason": "Outfit lacks visual distinction ΓÇö all neutrals with no contrast."
          }
        ],
        "tips": [
          "Comfort-first. Clean and intentional beats perfectly matched. Let personality show.",
          "Fits should be intentional ΓÇö even casual looks clean when well-fitted.",
          "Light fabrics only. White and light colors reflect heat. Avoid dark colors ΓÇö they absorb heat significantly.",
          "The 1/3 ΓÇô 2/3 proportion rule: one piece takes up 1/3 of the visual, the other 2/3."
        ],
        "outfitName": "Easy everyday"
      },
      "accessories": [],
      "selectedVibe": "effortless cool",
      "templateId": "casual_relaxed",
      "signature": "shorts|sneakers|t-shirt::beige|white|white",
      "vibeAlignment": 4,
      "confidence": 95,
      "relaxedMatch": false,
      "relaxationReasons": []
    },
    {
      "items": [
        {
          "name": "blouse",
          "formality": 3,
          "color": "white",
          "role": "top",
          "category": "tops"
        },
        {
          "name": "shorts",
          "formality": 1,
          "color": "beige",
          "role": "bottom",
          "category": "bottoms"
        },
        {
          "name": "sneakers",
          "formality": 1,
          "color": "white",
          "role": "shoes",
          "category": "footwear"
        }
      ],
      "score": {
        "totalScore": 7.6,
        "grade": "B",
        "breakdown": [
          {
            "check": "Color",
            "items": "white + beige",
            "score": 10,
            "level": "excellent",
            "reason": "white + beige is a proven, timeless pairing."
          },
          {
            "check": "Color",
            "items": "white + white",
            "score": 7,
            "level": "good",
            "reason": "Monochromatic ΓÇö works with tonal variation."
          },
          {
            "check": "Color",
            "items": "beige + white",
            "score": 10,
            "level": "excellent",
            "reason": "beige + white is a proven, timeless pairing."
          },
          {
            "check": "Formality",
            "items": "blouse + shorts",
            "ok": true,
            "score": 5,
            "note": "Moderate formality gap ΓÇö intentional contrast can work."
          },
          {
            "check": "Formality",
            "items": "blouse + sneakers",
            "ok": true,
            "score": 5,
            "note": "Moderate formality gap ΓÇö intentional contrast can work."
          },
          {
            "check": "Formality",
            "items": "shorts + sneakers",
            "ok": true,
            "score": 10,
            "note": "Perfect formality match."
          },
          {
            "check": "Shoe pairing",
            "items": "sneakers + shorts",
            "score": 10,
            "level": "great",
            "reason": "Shorts are casual ΓÇö keep shoes casual too."
          },
          {
            "check": "Vibe",
            "items": "effortless cool",
            "score": 8,
            "level": "great",
            "reason": "Outfit aligns with \"effortless cool\" vibe ΓÇö cohesive styling."
          },
          {
            "check": "Statement",
            "items": "Visual interest",
            "score": 3,
            "level": "caution",
            "reason": "Outfit lacks visual distinction ΓÇö all neutrals with no contrast."
          }
        ],
        "tips": [
          "Comfort-first. Clean and intentional beats perfectly matched. Let personality show.",
          "Fits should be intentional ΓÇö even casual looks clean when well-fitted.",
          "Light fabrics only. White and light colors reflect heat. Avoid dark colors ΓÇö they absorb heat significantly.",
          "Monochromatic outfits (same color, different shades) look more expensive and elongating."
        ],
        "outfitName": "Easy everyday"
      },
      "accessories": [],
      "selectedVibe": "effortless cool",
      "templateId": "unknown",
      "signature": "blouse|shorts|sneakers::beige|white|white",
      "vibeAlignment": 3,
      "confidence": 88,
      "relaxedMatch": false,
      "relaxationReasons": []
    }
  ]
}

=== TEST 4: Ethnic + Mid ===
After weather filter: [
  't-shirt',       'sneakers',
  'hoodie',        'joggers',
  'running shoes', 'jeans',
  'blouse',        'dress pants',
  'loafers',       'kurta',
  'churidar',      'mojari'
]
After occasion filter: [ 'dress pants', 'kurta', 'churidar', 'mojari' ]
T-shirt: BLOCKED by occasionOk
Sneakers: BLOCKED by occasionOk
Hoodie: BLOCKED by occasionOk
Joggers: BLOCKED by occasionOk
Running shoes: BLOCKED by occasionOk
Jeans: BLOCKED by occasionOk
Blouse: BLOCKED by occasionOk
Loafers: BLOCKED by occasionOk
Tops: [ 'kurta' ]
Bottoms: [ 'churidar' ]
ERROR: Unknown result
